[00:00:01] [pool-30-thread-1/INFO]: [GraveStonesPlus] Detected day changed, processing...
[00:00:01] [pool-30-thread-1/INFO]: [GraveStonesPlus] Time change event: DAY, Fake: false
[00:00:01] [pool-30-thread-1/INFO]: [GraveStonesPlus] Finished processing day changes
[00:04:14] [Server thread/INFO]: El_Heinsenberga issued server command: /tpa Zatanna917
[00:15:42] [Server thread/INFO]: El_Heinsenberga was slain by Enderman
[00:15:44] [Server thread/INFO]: [GraveStonesPlus] Grave: Location{world=CraftWorld{name=world_nether},x=-345.22989493351196,y=98.53584062504456,z=93.32622850293009,pitch=30.450022,yaw=108.16394}
[00:15:55] [Server thread/INFO]: Environment: Environment[sessionHost=https://sessionserver.mojang.com, servicesHost=https://api.minecraftservices.com, name=PROD]
[00:17:08] [Server thread/INFO]: El_Heinsenberga tried to swim in lava
[00:17:10] [Server thread/INFO]: [GraveStonesPlus] Grave: Location{world=CraftWorld{name=world_nether},x=-109.0,y=32.0,z=-32.0,pitch=0.0,yaw=0.0}
[00:19:19] [Async Chat Thread - #4/INFO]: <El_Heinsenberga> -109, 32, -32
[00:19:31] [Server thread/INFO]: Zatanna917 issued server command: /tp El_Heinsenberga -109 32 -32
[00:20:13] [Async Chat Thread - #4/INFO]: <El_Heinsenberga> -346, 98, 93
[00:20:26] [Server thread/INFO]: Zatanna917 issued server command: /tp El_Heinsenberga -346 98 93
[00:23:10] [Server thread/INFO]: El_Heinsenberga issued server command: /tpa Zatanna917
[00:23:26] [Server thread/INFO]: Zatanna917 issued server command: /home cueva
[00:23:28] [Server thread/INFO]: Zatanna917 issued server command: /tpaccept
[00:23:40] [Server thread/INFO]: Zatanna917 issued server command: /back
[00:23:43] [Server thread/INFO]: El_Heinsenberga issued server command: /tpa Zatanna917
[00:23:53] [Server thread/INFO]: Zatanna917 issued server command: /gamemode survival
[00:23:55] [Server thread/INFO]: Zatanna917 issued server command: /tpaccept
[00:24:29] [Server thread/INFO]: Zatanna917 issued server command: /gamemode creative
[00:28:13] [Async Chat Thread - #5/INFO]: <El_Heinsenberga> xxx
[00:28:36] [Server thread/INFO]: Zatanna917 issued server command: /gamemode survival
[00:31:11] [Server thread/INFO]: Zatanna917 issued server command: /stop
[00:31:11] [Server thread/INFO]: [Zatanna917: Stopping the server]
[00:31:11] [Server thread/INFO]: Stopping server
[00:31:11] [Server thread/INFO]: [InstantRestock] Disabling InstantRestock v2.5.2
[00:31:11] [Server thread/INFO]: [GraveStonesPlus] Disabling GraveStonesPlus v1.8.1
[00:31:11] [Server thread/INFO]: [GraveStonesPlus] Allowing background tasks to finish, this could take up to 5 seconds
[00:31:11] [Server thread/INFO]: Named entity ArmorStand['El_Heinsenberga died here!'/37956, uuid='4c31a788-2001-4449-9020-45f4e1cdc1a1', l='ServerLevel[world_nether]', x=-108.50, y=33.50, z=-31.50, cpos=[-7, -2], tl=4124, v=false] died: El_Heinsenberga died here! died
[00:31:11] [Server thread/INFO]: Named entity ArmorStand['Died at Wed Sep 24 00:17:10 UTC 2025'/37957, uuid='02a5142f-5efa-4136-95ec-94d3f14e7fbb', l='ServerLevel[world_nether]', x=-108.50, y=33.25, z=-31.50, cpos=[-7, -2], tl=4124, v=false] died: Died at Wed Sep 24 00:17:10 UTC 2025 died
[00:31:11] [Server thread/INFO]: Named entity ArmorStand['Reason: El_Heinsenberga tried to swim in lava'/37958, uuid='80af6bb9-db6c-48d0-9f8d-b14cbd42e03d', l='ServerLevel[world_nether]', x=-108.50, y=33.00, z=-31.50, cpos=[-7, -2], tl=4124, v=false] died: Reason: El_Heinsenberga tried to swim in lava died
[00:31:11] [Server thread/INFO]: [Geyser-Spigot] Disabling Geyser-Spigot v2.8.3-SNAPSHOT
[00:31:11] [Server thread/INFO]: [Geyser-Spigot] Shutting down Geyser.
[00:31:11] [Server thread/INFO]: [Geyser-Spigot] Geyser shutdown successfully.
[00:31:11] [Server thread/INFO]: [HealthBar-Reloaded] Disabling HealthBar-Reloaded v2.0.4.2
[00:31:11] [Server thread/INFO]: HealthBar disabled: all the health bars have been removed.
[00:31:11] [Server thread/INFO]: [sleep-most] Disabling sleep-most v5.6.0
[00:31:11] [Server thread/INFO]: [CrisTreeCapitator] Disabling CrisTreeCapitator v6.4.4
[00:31:11] [Server thread/INFO]: [CrisTreeCapitator] Disabled
[00:31:11] [Server thread/INFO]: [Minepacks] Disabling Minepacks v2.5-T20250922210718
[00:31:11] [WebSocketConnectReadThread-135/INFO]: [Geyser-Spigot] The skin uploader has been closed
[00:31:12] [Server thread/INFO]: [Minepacks]  Minepacks has been disabled.  :( 
[00:31:12] [Server thread/INFO]: [TerraformGenerator] Disabling TerraformGenerator v21.0.1
[00:31:12] [Server thread/INFO]: [voicechat] Disabling voicechat v2.5.36
[00:31:12] [Server thread/INFO]: [ViaBackwards] Disabling ViaBackwards v5.4.2
[00:31:12] [Server thread/INFO]: [MyPetDownloader] Disabling MyPetDownloader v1.2
[00:31:12] [Server thread/INFO]: [BlockLocker] Disabling BlockLocker v1.13
[00:31:12] [Server thread/INFO]: [floodgate] Disabling floodgate v2.2.4-SNAPSHOT (b118-40d320a)
[00:31:12] [Server thread/INFO]: [Essentials] Disabling Essentials v2.21.2
[00:31:12] [Server thread/INFO]: [LuckPerms] Disabling LuckPerms v5.5.10
[00:31:12] [Server thread/INFO]: [LuckPerms] Starting shutdown process...
[00:31:12] [Server thread/INFO]: [LuckPerms] Closing storage...
[00:31:12] [Server thread/INFO]: [LuckPerms] Goodbye!
[00:31:12] [Server thread/INFO]: [ViaVersion] Disabling ViaVersion v5.4.2
[00:31:12] [Server thread/INFO]: [ViaVersion] ViaVersion has been disabled; uninjected the platform and shut down the scheduler.
[00:31:12] [Server thread/INFO]: Saving players
[00:31:12] [Server thread/INFO]: Zatanna917 lost connection: Server closed
[00:31:12] [Server thread/INFO]: Zatanna917 left the game
[00:31:12] [Server thread/INFO]: El_Heinsenberga lost connection: Server closed
[00:31:12] [Server thread/INFO]: El_Heinsenberga left the game
[00:31:12] [Server thread/INFO]: Saving worlds
[00:31:12] [Server thread/INFO]: Saving chunks for level 'ServerLevel[world]'/minecraft:overworld
[00:31:12] [Server thread/INFO]: [ChunkHolderManager] Waiting 60s for chunk system to halt for world 'world'
[00:31:12] [Server thread/INFO]: [ChunkHolderManager] Halted chunk system for world 'world'
[00:31:12] [Server thread/INFO]: [ChunkHolderManager] Saving all chunkholders for world 'world'
[00:31:13] [Server thread/INFO]: [ChunkHolderManager] Saved 258 block chunks, 349 entity chunks, 0 poi chunks in world 'world' in 0.52s
[00:31:13] [Server thread/INFO]: [ChunkHolderManager] Waiting 60s for chunk I/O to halt for world 'world'
[00:31:13] [Server thread/INFO]: [ChunkHolderManager] Halted I/O scheduler for world 'world'
[00:31:13] [Server thread/INFO]: Saving chunks for level 'ServerLevel[world_nether]'/minecraft:the_nether
[00:31:13] [Server thread/INFO]: [ChunkHolderManager] Waiting 60s for chunk system to halt for world 'world_nether'
[00:31:13] [Server thread/INFO]: [ChunkHolderManager] Halted chunk system for world 'world_nether'
[00:31:13] [Server thread/INFO]: [ChunkHolderManager] Saving all chunkholders for world 'world_nether'
[00:31:13] [Server thread/INFO]: [ChunkHolderManager] Saved 99 block chunks, 63 entity chunks, 0 poi chunks in world 'world_nether' in 0.09s
[00:31:13] [Server thread/INFO]: [ChunkHolderManager] Waiting 60s for chunk I/O to halt for world 'world_nether'
[00:31:13] [Server thread/INFO]: [ChunkHolderManager] Halted I/O scheduler for world 'world_nether'
[00:31:13] [Server thread/INFO]: Saving chunks for level 'ServerLevel[world_the_end]'/minecraft:the_end
[00:31:13] [Server thread/INFO]: [ChunkHolderManager] Waiting 60s for chunk system to halt for world 'world_the_end'
[00:31:13] [Server thread/INFO]: [ChunkHolderManager] Halted chunk system for world 'world_the_end'
[00:31:13] [Server thread/INFO]: [ChunkHolderManager] Saving all chunkholders for world 'world_the_end'
[00:31:13] [Server thread/INFO]: [ChunkHolderManager] Saved 0 block chunks, 10 entity chunks, 0 poi chunks in world 'world_the_end' in 0.00s
[00:31:13] [Server thread/INFO]: [ChunkHolderManager] Waiting 60s for chunk I/O to halt for world 'world_the_end'
[00:31:13] [Server thread/INFO]: [ChunkHolderManager] Halted I/O scheduler for world 'world_the_end'
[00:31:13] [Server thread/INFO]: ThreadedAnvilChunkStorage (world): All chunks are saved
[00:31:13] [Server thread/INFO]: ThreadedAnvilChunkStorage (DIM-1): All chunks are saved
[00:31:13] [Server thread/INFO]: ThreadedAnvilChunkStorage (DIM1): All chunks are saved
[00:31:13] [Server thread/INFO]: ThreadedAnvilChunkStorage: All dimensions are saved
[00:31:13] [Server thread/INFO]: Waiting for all RegionFile I/O tasks to complete...
[00:31:13] [Server thread/INFO]: All RegionFile I/O tasks to complete
[00:31:13] [Server thread/INFO]: [MoonriseCommon] Awaiting termination of worker pool for up to 60s...
[00:31:13] [Server thread/INFO]: [MoonriseCommon] Awaiting termination of I/O pool for up to 60s...
